// Jest Snapshot v1, https://goo.gl/fbAQLP

exports[`hana-main GET $metadata 1`] = `
"<?xml version="1.0" encoding="utf-8"?>
<edmx:Edmx Version="1.0" xmlns:edmx="http://schemas.microsoft.com/ado/2007/06/edmx" xmlns:m="http://schemas.microsoft.com/ado/2007/08/dataservices/metadata" xmlns:sap="http://www.sap.com/Protocols/SAPData">
  <edmx:Reference Uri="https://sap.github.io/odata-vocabularies/vocabularies/Common.xml" xmlns:edmx="http://docs.oasis-open.org/odata/ns/edmx">
    <edmx:Include Alias="Common" Namespace="com.sap.vocabularies.Common.v1"/>
  </edmx:Reference>
  <edmx:Reference Uri="https://oasis-tcs.github.io/odata-vocabularies/vocabularies/Org.OData.Core.V1.xml" xmlns:edmx="http://docs.oasis-open.org/odata/ns/edmx">
    <edmx:Include Alias="Core" Namespace="Org.OData.Core.V1"/>
  </edmx:Reference>
  <edmx:Reference Uri="https://sap.github.io/odata-vocabularies/vocabularies/UI.xml" xmlns:edmx="http://docs.oasis-open.org/odata/ns/edmx">
    <edmx:Include Alias="UI" Namespace="com.sap.vocabularies.UI.v1"/>
  </edmx:Reference>
  <edmx:DataServices m:DataServiceVersion="2.0">
    <Schema Namespace="test.MainService" xmlns="http://schemas.microsoft.com/ado/2008/09/edm">
      <Annotation Term="Core.Links">
        <Collection>
          <Record>
            <PropertyValue Property="rel" String="author"/>
            <PropertyValue Property="href" String="https://cap.cloud.sap"/>
          </Record>
        </Collection>
      </Annotation>
      <EntityContainer Name="EntityContainer" m:IsDefaultEntityContainer="true">
        <EntitySet Name="Header" EntityType="test.MainService.Header"/>
        <EntitySet Name="HeaderLimited" EntityType="test.MainService.HeaderLimited"/>
        <EntitySet Name="HeaderParametersSet" EntityType="test.MainService.HeaderParametersType" sap:creatable="false" sap:updatable="false" sap:deletable="false" sap:addressable="false"/>
        <EntitySet Name="HeaderSetSet" EntityType="test.MainService.HeaderSetType" sap:creatable="false" sap:updatable="false" sap:deletable="false" sap:addressable="false"/>
        <EntitySet Name="HeaderUnionSetSet" EntityType="test.MainService.HeaderUnionSetType" sap:creatable="false" sap:updatable="false" sap:deletable="false" sap:addressable="false"/>
        <EntitySet Name="HeaderParameters" EntityType="test.MainService.HeaderParametersParameters" sap:creatable="false" sap:updatable="false" sap:deletable="false" sap:pageable="false"/>
        <EntitySet Name="HeaderSet" EntityType="test.MainService.HeaderSetParameters" sap:creatable="false" sap:updatable="false" sap:deletable="false" sap:pageable="false"/>
        <EntitySet Name="HeaderUnionSet" EntityType="test.MainService.HeaderUnionSetParameters" sap:creatable="false" sap:updatable="false" sap:deletable="false" sap:pageable="false"/>
        <AssociationSet Name="HeaderParametersParameters_Set" Association="test.MainService.HeaderParametersParameters_Set">
          <End Role="HeaderParametersParameters" EntitySet="HeaderParameters"/>
          <End Role="HeaderParametersType" EntitySet="HeaderParametersSet"/>
        </AssociationSet>
        <AssociationSet Name="HeaderSetParameters_Set" Association="test.MainService.HeaderSetParameters_Set">
          <End Role="HeaderSetParameters" EntitySet="HeaderSet"/>
          <End Role="HeaderSetType" EntitySet="HeaderSetSet"/>
        </AssociationSet>
        <AssociationSet Name="HeaderUnionSetParameters_Set" Association="test.MainService.HeaderUnionSetParameters_Set">
          <End Role="HeaderUnionSetParameters" EntitySet="HeaderUnionSet"/>
          <End Role="HeaderUnionSetType" EntitySet="HeaderUnionSetSet"/>
        </AssociationSet>
      </EntityContainer>
      <EntityType Name="Header">
        <Key>
          <PropertyRef Name="ID"/>
        </Key>
        <Property Name="ID" Type="Edm.Guid" Nullable="false"/>
        <Property Name="createdAt" Type="Edm.DateTimeOffset" Precision="7"/>
        <Property Name="createdBy" Type="Edm.String" MaxLength="255"/>
        <Property Name="modifiedAt" Type="Edm.DateTimeOffset" Precision="7"/>
        <Property Name="modifiedBy" Type="Edm.String" MaxLength="255"/>
        <Property Name="name" Type="Edm.String"/>
        <Property Name="description" Type="Edm.String"/>
        <Property Name="country" Type="Edm.String"/>
        <Property Name="currency" Type="Edm.String"/>
        <Property Name="stock" Type="Edm.Int32"/>
        <Property Name="price" Type="Edm.Decimal" Precision="12" Scale="2"/>
        <Property Name="date" Type="Edm.DateTime" sap:display-format="Date"/>
        <Property Name="dateTime" Type="Edm.DateTimeOffset"/>
        <Property Name="time" Type="Edm.Time"/>
        <Property Name="timestamp" Type="Edm.DateTimeOffset" Precision="7"/>
      </EntityType>
      <EntityType Name="HeaderLimited">
        <Key>
          <PropertyRef Name="ID"/>
        </Key>
        <Property Name="ID" Type="Edm.Guid" Nullable="false"/>
        <Property Name="createdAt" Type="Edm.DateTimeOffset" Precision="7"/>
        <Property Name="createdBy" Type="Edm.String" MaxLength="255"/>
        <Property Name="modifiedAt" Type="Edm.DateTimeOffset" Precision="7"/>
        <Property Name="modifiedBy" Type="Edm.String" MaxLength="255"/>
        <Property Name="name" Type="Edm.String"/>
        <Property Name="description" Type="Edm.String"/>
        <Property Name="country" Type="Edm.String"/>
        <Property Name="currency" Type="Edm.String"/>
        <Property Name="stock" Type="Edm.Int32"/>
        <Property Name="price" Type="Edm.Decimal" Precision="12" Scale="2"/>
        <Property Name="date" Type="Edm.DateTime" sap:display-format="Date"/>
        <Property Name="dateTime" Type="Edm.DateTimeOffset"/>
        <Property Name="time" Type="Edm.Time"/>
        <Property Name="timestamp" Type="Edm.DateTimeOffset" Precision="7"/>
      </EntityType>
      <EntityType Name="HeaderParametersType">
        <Key>
          <PropertyRef Name="STOCK_PARAM"/>
          <PropertyRef Name="CURRENCY_PARAM"/>
          <PropertyRef Name="ID"/>
        </Key>
        <Property Name="STOCK_PARAM" Type="Edm.Int32" Nullable="false"/>
        <Property Name="CURRENCY_PARAM" Type="Edm.String" Nullable="false"/>
        <Property Name="ID" Type="Edm.Guid" Nullable="false"/>
        <Property Name="createdAt" Type="Edm.DateTimeOffset" Precision="7"/>
        <Property Name="createdBy" Type="Edm.String" MaxLength="255"/>
        <Property Name="modifiedAt" Type="Edm.DateTimeOffset" Precision="7"/>
        <Property Name="modifiedBy" Type="Edm.String" MaxLength="255"/>
        <Property Name="name" Type="Edm.String"/>
        <Property Name="description" Type="Edm.String"/>
        <Property Name="country" Type="Edm.String"/>
        <Property Name="currency" Type="Edm.String"/>
        <Property Name="stock" Type="Edm.Int32"/>
        <Property Name="price" Type="Edm.Decimal" Precision="12" Scale="2"/>
        <Property Name="date" Type="Edm.DateTime" sap:display-format="Date"/>
        <Property Name="dateTime" Type="Edm.DateTimeOffset"/>
        <Property Name="time" Type="Edm.Time"/>
        <Property Name="timestamp" Type="Edm.DateTimeOffset" Precision="7"/>
        <NavigationProperty Name="Parameters" Relationship="test.MainService.HeaderParametersParameters_Set" FromRole="HeaderParametersType" ToRole="HeaderParametersParameters"/>
      </EntityType>
      <EntityType Name="HeaderSetType">
        <Key>
          <PropertyRef Name="STOCK_PARAM"/>
          <PropertyRef Name="CURRENCY_PARAM"/>
          <PropertyRef Name="ID"/>
        </Key>
        <Property Name="STOCK_PARAM" Type="Edm.Int32" Nullable="false"/>
        <Property Name="CURRENCY_PARAM" Type="Edm.String" Nullable="false"/>
        <Property Name="ID" Type="Edm.Guid" Nullable="false"/>
        <Property Name="createdAt" Type="Edm.DateTimeOffset" Precision="7"/>
        <Property Name="createdBy" Type="Edm.String" MaxLength="255"/>
        <Property Name="modifiedAt" Type="Edm.DateTimeOffset" Precision="7"/>
        <Property Name="modifiedBy" Type="Edm.String" MaxLength="255"/>
        <Property Name="name" Type="Edm.String"/>
        <Property Name="description" Type="Edm.String"/>
        <Property Name="country" Type="Edm.String"/>
        <Property Name="currency" Type="Edm.String"/>
        <Property Name="stock" Type="Edm.Int32"/>
        <Property Name="price" Type="Edm.Decimal" Precision="12" Scale="2"/>
        <Property Name="date" Type="Edm.DateTime" sap:display-format="Date"/>
        <Property Name="dateTime" Type="Edm.DateTimeOffset"/>
        <Property Name="time" Type="Edm.Time"/>
        <Property Name="timestamp" Type="Edm.DateTimeOffset" Precision="7"/>
        <NavigationProperty Name="Parameters" Relationship="test.MainService.HeaderSetParameters_Set" FromRole="HeaderSetType" ToRole="HeaderSetParameters"/>
      </EntityType>
      <EntityType Name="HeaderUnionSetType">
        <Key>
          <PropertyRef Name="STOCK_PARAM"/>
          <PropertyRef Name="CURRENCY_PARAM"/>
          <PropertyRef Name="ID"/>
        </Key>
        <Property Name="STOCK_PARAM" Type="Edm.Int32" Nullable="false"/>
        <Property Name="CURRENCY_PARAM" Type="Edm.String" Nullable="false"/>
        <Property Name="ID" Type="Edm.Guid" Nullable="false"/>
        <Property Name="createdAt" Type="Edm.DateTimeOffset" Precision="7"/>
        <Property Name="createdBy" Type="Edm.String" MaxLength="255"/>
        <Property Name="modifiedAt" Type="Edm.DateTimeOffset" Precision="7"/>
        <Property Name="modifiedBy" Type="Edm.String" MaxLength="255"/>
        <Property Name="name" Type="Edm.String"/>
        <Property Name="description" Type="Edm.String"/>
        <Property Name="country" Type="Edm.String"/>
        <Property Name="currency" Type="Edm.String"/>
        <Property Name="stock" Type="Edm.Int32"/>
        <Property Name="price" Type="Edm.Decimal" Precision="12" Scale="2"/>
        <Property Name="date" Type="Edm.DateTime" sap:display-format="Date"/>
        <Property Name="dateTime" Type="Edm.DateTimeOffset"/>
        <Property Name="time" Type="Edm.Time"/>
        <Property Name="timestamp" Type="Edm.DateTimeOffset" Precision="7"/>
        <NavigationProperty Name="Parameters" Relationship="test.MainService.HeaderUnionSetParameters_Set" FromRole="HeaderUnionSetType" ToRole="HeaderUnionSetParameters"/>
      </EntityType>
      <EntityType Name="HeaderParametersParameters" sap:semantics="parameters">
        <Key>
          <PropertyRef Name="STOCK"/>
          <PropertyRef Name="CURRENCY"/>
        </Key>
        <Property Name="STOCK" Type="Edm.Int32" Nullable="false" sap:parameter="mandatory"/>
        <Property Name="CURRENCY" Type="Edm.String" Nullable="false" sap:parameter="mandatory"/>
        <NavigationProperty Name="Set" Relationship="test.MainService.HeaderParametersParameters_Set" FromRole="HeaderParametersParameters" ToRole="HeaderParametersType"/>
      </EntityType>
      <EntityType Name="HeaderSetParameters" sap:semantics="parameters">
        <Key>
          <PropertyRef Name="STOCK"/>
          <PropertyRef Name="CURRENCY"/>
        </Key>
        <Property Name="STOCK" Type="Edm.Int32" Nullable="false" sap:parameter="mandatory"/>
        <Property Name="CURRENCY" Type="Edm.String" Nullable="false" sap:parameter="mandatory"/>
        <NavigationProperty Name="Set" Relationship="test.MainService.HeaderSetParameters_Set" FromRole="HeaderSetParameters" ToRole="HeaderSetType"/>
      </EntityType>
      <EntityType Name="HeaderUnionSetParameters" sap:semantics="parameters">
        <Key>
          <PropertyRef Name="STOCK"/>
          <PropertyRef Name="CURRENCY"/>
        </Key>
        <Property Name="STOCK" Type="Edm.Int32" Nullable="false" sap:parameter="mandatory"/>
        <Property Name="CURRENCY" Type="Edm.String" Nullable="false" sap:parameter="mandatory"/>
        <NavigationProperty Name="Set" Relationship="test.MainService.HeaderUnionSetParameters_Set" FromRole="HeaderUnionSetParameters" ToRole="HeaderUnionSetType"/>
      </EntityType>
      <Association Name="HeaderParametersParameters_Set">
        <End Role="HeaderParametersParameters" Type="test.MainService.HeaderParametersParameters" Multiplicity="0..1"/>
        <End Role="HeaderParametersType" Type="test.MainService.HeaderParametersType" Multiplicity="*"/>
      </Association>
      <Association Name="HeaderSetParameters_Set">
        <End Role="HeaderSetParameters" Type="test.MainService.HeaderSetParameters" Multiplicity="0..1"/>
        <End Role="HeaderSetType" Type="test.MainService.HeaderSetType" Multiplicity="*"/>
      </Association>
      <Association Name="HeaderUnionSetParameters_Set">
        <End Role="HeaderUnionSetParameters" Type="test.MainService.HeaderUnionSetParameters" Multiplicity="0..1"/>
        <End Role="HeaderUnionSetType" Type="test.MainService.HeaderUnionSetType" Multiplicity="*"/>
      </Association>
      <Annotations Target="test.MainService.Header/ID" xmlns="http://docs.oasis-open.org/odata/ns/edm">
        <Annotation Term="Core.ComputedDefaultValue" Bool="true"/>
      </Annotations>
      <Annotations Target="test.MainService.Header/createdAt" xmlns="http://docs.oasis-open.org/odata/ns/edm">
        <Annotation Term="UI.HiddenFilter" Bool="true"/>
        <Annotation Term="UI.ExcludeFromNavigationContext" Bool="true"/>
        <Annotation Term="Core.Immutable" Bool="true"/>
        <Annotation Term="Core.Computed" Bool="true"/>
        <Annotation Term="Common.Label" String="Created On"/>
      </Annotations>
      <Annotations Target="test.MainService.Header/createdBy" xmlns="http://docs.oasis-open.org/odata/ns/edm">
        <Annotation Term="UI.HiddenFilter" Bool="true"/>
        <Annotation Term="UI.ExcludeFromNavigationContext" Bool="true"/>
        <Annotation Term="Core.Immutable" Bool="true"/>
        <Annotation Term="Core.Computed" Bool="true"/>
        <Annotation Term="Core.Description" String="User's unique ID"/>
        <Annotation Term="Common.Label" String="Created By"/>
      </Annotations>
      <Annotations Target="test.MainService.Header/modifiedAt" xmlns="http://docs.oasis-open.org/odata/ns/edm">
        <Annotation Term="UI.HiddenFilter" Bool="true"/>
        <Annotation Term="UI.ExcludeFromNavigationContext" Bool="true"/>
        <Annotation Term="Core.Computed" Bool="true"/>
        <Annotation Term="Common.Label" String="Changed On"/>
      </Annotations>
      <Annotations Target="test.MainService.Header/modifiedBy" xmlns="http://docs.oasis-open.org/odata/ns/edm">
        <Annotation Term="UI.HiddenFilter" Bool="true"/>
        <Annotation Term="UI.ExcludeFromNavigationContext" Bool="true"/>
        <Annotation Term="Core.Computed" Bool="true"/>
        <Annotation Term="Core.Description" String="User's unique ID"/>
        <Annotation Term="Common.Label" String="Changed By"/>
      </Annotations>
      <Annotations Target="test.MainService.HeaderLimited/ID" xmlns="http://docs.oasis-open.org/odata/ns/edm">
        <Annotation Term="Core.ComputedDefaultValue" Bool="true"/>
      </Annotations>
      <Annotations Target="test.MainService.HeaderLimited/createdAt" xmlns="http://docs.oasis-open.org/odata/ns/edm">
        <Annotation Term="UI.HiddenFilter" Bool="true"/>
        <Annotation Term="UI.ExcludeFromNavigationContext" Bool="true"/>
        <Annotation Term="Core.Immutable" Bool="true"/>
        <Annotation Term="Core.Computed" Bool="true"/>
        <Annotation Term="Common.Label" String="Created On"/>
      </Annotations>
      <Annotations Target="test.MainService.HeaderLimited/createdBy" xmlns="http://docs.oasis-open.org/odata/ns/edm">
        <Annotation Term="UI.HiddenFilter" Bool="true"/>
        <Annotation Term="UI.ExcludeFromNavigationContext" Bool="true"/>
        <Annotation Term="Core.Immutable" Bool="true"/>
        <Annotation Term="Core.Computed" Bool="true"/>
        <Annotation Term="Core.Description" String="User's unique ID"/>
        <Annotation Term="Common.Label" String="Created By"/>
      </Annotations>
      <Annotations Target="test.MainService.HeaderLimited/modifiedAt" xmlns="http://docs.oasis-open.org/odata/ns/edm">
        <Annotation Term="UI.HiddenFilter" Bool="true"/>
        <Annotation Term="UI.ExcludeFromNavigationContext" Bool="true"/>
        <Annotation Term="Core.Computed" Bool="true"/>
        <Annotation Term="Common.Label" String="Changed On"/>
      </Annotations>
      <Annotations Target="test.MainService.HeaderLimited/modifiedBy" xmlns="http://docs.oasis-open.org/odata/ns/edm">
        <Annotation Term="UI.HiddenFilter" Bool="true"/>
        <Annotation Term="UI.ExcludeFromNavigationContext" Bool="true"/>
        <Annotation Term="Core.Computed" Bool="true"/>
        <Annotation Term="Core.Description" String="User's unique ID"/>
        <Annotation Term="Common.Label" String="Changed By"/>
      </Annotations>
      <Annotations Target="test.MainService.HeaderParametersType/STOCK_PARAM" xmlns="http://docs.oasis-open.org/odata/ns/edm">
        <Annotation Term="Core.Computed" Bool="true"/>
      </Annotations>
      <Annotations Target="test.MainService.HeaderParametersType/CURRENCY_PARAM" xmlns="http://docs.oasis-open.org/odata/ns/edm">
        <Annotation Term="Core.Computed" Bool="true"/>
      </Annotations>
      <Annotations Target="test.MainService.HeaderParametersType/ID" xmlns="http://docs.oasis-open.org/odata/ns/edm">
        <Annotation Term="Core.ComputedDefaultValue" Bool="true"/>
      </Annotations>
      <Annotations Target="test.MainService.HeaderParametersType/createdAt" xmlns="http://docs.oasis-open.org/odata/ns/edm">
        <Annotation Term="UI.HiddenFilter" Bool="true"/>
        <Annotation Term="UI.ExcludeFromNavigationContext" Bool="true"/>
        <Annotation Term="Core.Immutable" Bool="true"/>
        <Annotation Term="Core.Computed" Bool="true"/>
        <Annotation Term="Common.Label" String="Created On"/>
      </Annotations>
      <Annotations Target="test.MainService.HeaderParametersType/createdBy" xmlns="http://docs.oasis-open.org/odata/ns/edm">
        <Annotation Term="UI.HiddenFilter" Bool="true"/>
        <Annotation Term="UI.ExcludeFromNavigationContext" Bool="true"/>
        <Annotation Term="Core.Immutable" Bool="true"/>
        <Annotation Term="Core.Computed" Bool="true"/>
        <Annotation Term="Core.Description" String="User's unique ID"/>
        <Annotation Term="Common.Label" String="Created By"/>
      </Annotations>
      <Annotations Target="test.MainService.HeaderParametersType/modifiedAt" xmlns="http://docs.oasis-open.org/odata/ns/edm">
        <Annotation Term="UI.HiddenFilter" Bool="true"/>
        <Annotation Term="UI.ExcludeFromNavigationContext" Bool="true"/>
        <Annotation Term="Core.Computed" Bool="true"/>
        <Annotation Term="Common.Label" String="Changed On"/>
      </Annotations>
      <Annotations Target="test.MainService.HeaderParametersType/modifiedBy" xmlns="http://docs.oasis-open.org/odata/ns/edm">
        <Annotation Term="UI.HiddenFilter" Bool="true"/>
        <Annotation Term="UI.ExcludeFromNavigationContext" Bool="true"/>
        <Annotation Term="Core.Computed" Bool="true"/>
        <Annotation Term="Core.Description" String="User's unique ID"/>
        <Annotation Term="Common.Label" String="Changed By"/>
      </Annotations>
      <Annotations Target="test.MainService.HeaderSetType/STOCK_PARAM" xmlns="http://docs.oasis-open.org/odata/ns/edm">
        <Annotation Term="Core.Computed" Bool="true"/>
      </Annotations>
      <Annotations Target="test.MainService.HeaderSetType/CURRENCY_PARAM" xmlns="http://docs.oasis-open.org/odata/ns/edm">
        <Annotation Term="Core.Computed" Bool="true"/>
      </Annotations>
      <Annotations Target="test.MainService.HeaderSetType/ID" xmlns="http://docs.oasis-open.org/odata/ns/edm">
        <Annotation Term="Core.ComputedDefaultValue" Bool="true"/>
      </Annotations>
      <Annotations Target="test.MainService.HeaderSetType/createdAt" xmlns="http://docs.oasis-open.org/odata/ns/edm">
        <Annotation Term="UI.HiddenFilter" Bool="true"/>
        <Annotation Term="UI.ExcludeFromNavigationContext" Bool="true"/>
        <Annotation Term="Core.Immutable" Bool="true"/>
        <Annotation Term="Core.Computed" Bool="true"/>
        <Annotation Term="Common.Label" String="Created On"/>
      </Annotations>
      <Annotations Target="test.MainService.HeaderSetType/createdBy" xmlns="http://docs.oasis-open.org/odata/ns/edm">
        <Annotation Term="UI.HiddenFilter" Bool="true"/>
        <Annotation Term="UI.ExcludeFromNavigationContext" Bool="true"/>
        <Annotation Term="Core.Immutable" Bool="true"/>
        <Annotation Term="Core.Computed" Bool="true"/>
        <Annotation Term="Core.Description" String="User's unique ID"/>
        <Annotation Term="Common.Label" String="Created By"/>
      </Annotations>
      <Annotations Target="test.MainService.HeaderSetType/modifiedAt" xmlns="http://docs.oasis-open.org/odata/ns/edm">
        <Annotation Term="UI.HiddenFilter" Bool="true"/>
        <Annotation Term="UI.ExcludeFromNavigationContext" Bool="true"/>
        <Annotation Term="Core.Computed" Bool="true"/>
        <Annotation Term="Common.Label" String="Changed On"/>
      </Annotations>
      <Annotations Target="test.MainService.HeaderSetType/modifiedBy" xmlns="http://docs.oasis-open.org/odata/ns/edm">
        <Annotation Term="UI.HiddenFilter" Bool="true"/>
        <Annotation Term="UI.ExcludeFromNavigationContext" Bool="true"/>
        <Annotation Term="Core.Computed" Bool="true"/>
        <Annotation Term="Core.Description" String="User's unique ID"/>
        <Annotation Term="Common.Label" String="Changed By"/>
      </Annotations>
      <Annotations Target="test.MainService.HeaderUnionSetType/STOCK_PARAM" xmlns="http://docs.oasis-open.org/odata/ns/edm">
        <Annotation Term="Core.Computed" Bool="true"/>
      </Annotations>
      <Annotations Target="test.MainService.HeaderUnionSetType/CURRENCY_PARAM" xmlns="http://docs.oasis-open.org/odata/ns/edm">
        <Annotation Term="Core.Computed" Bool="true"/>
      </Annotations>
      <Annotations Target="test.MainService.HeaderUnionSetType/ID" xmlns="http://docs.oasis-open.org/odata/ns/edm">
        <Annotation Term="Core.ComputedDefaultValue" Bool="true"/>
      </Annotations>
      <Annotations Target="test.MainService.HeaderUnionSetType/createdAt" xmlns="http://docs.oasis-open.org/odata/ns/edm">
        <Annotation Term="UI.HiddenFilter" Bool="true"/>
        <Annotation Term="UI.ExcludeFromNavigationContext" Bool="true"/>
        <Annotation Term="Core.Immutable" Bool="true"/>
        <Annotation Term="Core.Computed" Bool="true"/>
        <Annotation Term="Common.Label" String="Created On"/>
      </Annotations>
      <Annotations Target="test.MainService.HeaderUnionSetType/createdBy" xmlns="http://docs.oasis-open.org/odata/ns/edm">
        <Annotation Term="UI.HiddenFilter" Bool="true"/>
        <Annotation Term="UI.ExcludeFromNavigationContext" Bool="true"/>
        <Annotation Term="Core.Immutable" Bool="true"/>
        <Annotation Term="Core.Computed" Bool="true"/>
        <Annotation Term="Core.Description" String="User's unique ID"/>
        <Annotation Term="Common.Label" String="Created By"/>
      </Annotations>
      <Annotations Target="test.MainService.HeaderUnionSetType/modifiedAt" xmlns="http://docs.oasis-open.org/odata/ns/edm">
        <Annotation Term="UI.HiddenFilter" Bool="true"/>
        <Annotation Term="UI.ExcludeFromNavigationContext" Bool="true"/>
        <Annotation Term="Core.Computed" Bool="true"/>
        <Annotation Term="Common.Label" String="Changed On"/>
      </Annotations>
      <Annotations Target="test.MainService.HeaderUnionSetType/modifiedBy" xmlns="http://docs.oasis-open.org/odata/ns/edm">
        <Annotation Term="UI.HiddenFilter" Bool="true"/>
        <Annotation Term="UI.ExcludeFromNavigationContext" Bool="true"/>
        <Annotation Term="Core.Computed" Bool="true"/>
        <Annotation Term="Core.Description" String="User's unique ID"/>
        <Annotation Term="Common.Label" String="Changed By"/>
      </Annotations>
    </Schema>
  </edmx:DataServices>
</edmx:Edmx>"
`;

exports[`hana-main GET with parameters (header - full circle) - parameters 1`] = `
{
  "d": {
    "CURRENCY_PARAM": "EUR",
    "STOCK_PARAM": 1,
    "Set": {
      "__deferred": {
        "uri": "http://localhost:00000/odata/v2/main/HeaderParameters(STOCK=1,CURRENCY='EUR')/Set",
      },
    },
    "__metadata": {
      "type": "test.MainService.HeaderParametersParameters",
      "uri": "http://localhost:00000/odata/v2/main/HeaderParameters(STOCK=1,CURRENCY='EUR')",
    },
  },
}
`;

exports[`hana-main GET with parameters (header - full circle) - parameters 2`] = `
{
  "d": {
    "results": [
      {
        "CURRENCY_PARAM": "EUR",
        "Parameters": {
          "__deferred": {
            "uri": "http://localhost:00000/odata/v2/main/HeaderParametersSet(STOCK=1,CURRENCY='EUR',ID=guid'<ID>')/Parameters",
          },
        },
        "STOCK_PARAM": 1,
        "__metadata": {
          "type": "test.MainService.HeaderParametersType",
          "uri": "http://localhost:00000/odata/v2/main/HeaderParametersSet(STOCK=1,CURRENCY='EUR',ID=guid'<ID>')",
        },
        "country": "Italy",
        "createdBy": null,
        "currency": "EUR",
        "date": "/Date(1719446400000)/",
        "dateTime": "/Date(1704110400000+0000)/",
        "description": "This is a test Header",
        "modifiedBy": null,
        "name": "Header",
        "price": "45.67",
        "stock": 1,
        "time": "PT12H34M56S",
        "timestamp": "/Date(1704110400000+0000)/",
      },
    ],
  },
}
`;

exports[`hana-main GET with parameters (header - full circle) - parameters 3`] = `
{
  "d": {
    "CURRENCY_PARAM": "EUR",
    "Parameters": {
      "__deferred": {
        "uri": "http://localhost:00000/odata/v2/main/HeaderParametersSet(STOCK=1,CURRENCY='EUR',ID=guid'<ID>')/Parameters",
      },
    },
    "STOCK_PARAM": 1,
    "__metadata": {
      "type": "test.MainService.HeaderParametersType",
      "uri": "http://localhost:00000/odata/v2/main/HeaderParametersSet(STOCK=1,CURRENCY='EUR',ID=guid'<ID>')",
    },
    "country": "Italy",
    "createdBy": null,
    "currency": "EUR",
    "date": "/Date(1719446400000)/",
    "dateTime": "/Date(1704110400000+0000)/",
    "description": "This is a test Header",
    "modifiedBy": null,
    "name": "Header",
    "price": "45.67",
    "stock": 1,
    "time": "PT12H34M56S",
    "timestamp": "/Date(1704110400000+0000)/",
  },
}
`;

exports[`hana-main GET with parameters (header - full circle) - parameters 4`] = `
{
  "d": {
    "CURRENCY_PARAM": "EUR",
    "STOCK_PARAM": 1,
    "Set": {
      "__deferred": {
        "uri": "http://localhost:00000/odata/v2/main/HeaderParameters(STOCK=1,CURRENCY='EUR')/Set",
      },
    },
    "__metadata": {
      "type": "test.MainService.HeaderParametersParameters",
      "uri": "http://localhost:00000/odata/v2/main/HeaderParameters(STOCK=1,CURRENCY='EUR')",
    },
  },
}
`;

exports[`hana-main GET with parameters (header - full circle) - set 1`] = `
{
  "d": {
    "CURRENCY_PARAM": "EUR",
    "STOCK_PARAM": 1,
    "Set": {
      "__deferred": {
        "uri": "http://localhost:00000/odata/v2/main/HeaderSet(STOCK=1,CURRENCY='EUR')/Set",
      },
    },
    "__metadata": {
      "type": "test.MainService.HeaderSetParameters",
      "uri": "http://localhost:00000/odata/v2/main/HeaderSet(STOCK=1,CURRENCY='EUR')",
    },
  },
}
`;

exports[`hana-main GET with parameters (header - full circle) - set 2`] = `
{
  "d": {
    "results": [
      {
        "CURRENCY_PARAM": "EUR",
        "Parameters": {
          "__deferred": {
            "uri": "http://localhost:00000/odata/v2/main/HeaderSetSet(STOCK=1,CURRENCY='EUR',ID=guid'<ID>')/Parameters",
          },
        },
        "STOCK_PARAM": 1,
        "__metadata": {
          "type": "test.MainService.HeaderSetType",
          "uri": "http://localhost:00000/odata/v2/main/HeaderSetSet(STOCK=1,CURRENCY='EUR',ID=guid'<ID>')",
        },
        "country": "Italy",
        "createdBy": null,
        "currency": "EUR",
        "date": "/Date(1719446400000)/",
        "dateTime": "/Date(1704110400000+0000)/",
        "description": "This is a test Header",
        "modifiedBy": null,
        "name": "Header",
        "price": "45.67",
        "stock": 1,
        "time": "PT12H34M56S",
        "timestamp": "/Date(1704110400000+0000)/",
      },
    ],
  },
}
`;

exports[`hana-main GET with parameters (header - full circle) - set 3`] = `
{
  "d": {
    "CURRENCY_PARAM": "EUR",
    "Parameters": {
      "__deferred": {
        "uri": "http://localhost:00000/odata/v2/main/HeaderSetSet(STOCK=1,CURRENCY='EUR',ID=guid'<ID>')/Parameters",
      },
    },
    "STOCK_PARAM": 1,
    "__metadata": {
      "type": "test.MainService.HeaderSetType",
      "uri": "http://localhost:00000/odata/v2/main/HeaderSetSet(STOCK=1,CURRENCY='EUR',ID=guid'<ID>')",
    },
    "country": "Italy",
    "createdBy": null,
    "currency": "EUR",
    "date": "/Date(1719446400000)/",
    "dateTime": "/Date(1704110400000+0000)/",
    "description": "This is a test Header",
    "modifiedBy": null,
    "name": "Header",
    "price": "45.67",
    "stock": 1,
    "time": "PT12H34M56S",
    "timestamp": "/Date(1704110400000+0000)/",
  },
}
`;

exports[`hana-main GET with parameters (header - full circle) - set 4`] = `
{
  "d": {
    "CURRENCY_PARAM": "EUR",
    "STOCK_PARAM": 1,
    "Set": {
      "__deferred": {
        "uri": "http://localhost:00000/odata/v2/main/HeaderSet(STOCK=1,CURRENCY='EUR')/Set",
      },
    },
    "__metadata": {
      "type": "test.MainService.HeaderSetParameters",
      "uri": "http://localhost:00000/odata/v2/main/HeaderSet(STOCK=1,CURRENCY='EUR')",
    },
  },
}
`;

exports[`hana-main GET with parameters (union header - full circle) - set 1`] = `
{
  "d": {
    "CURRENCY_PARAM": "EUR",
    "STOCK_PARAM": 1,
    "Set": {
      "__deferred": {
        "uri": "http://localhost:00000/odata/v2/main/HeaderUnionSet(STOCK=1,CURRENCY='EUR')/Set",
      },
    },
    "__metadata": {
      "type": "test.MainService.HeaderUnionSetParameters",
      "uri": "http://localhost:00000/odata/v2/main/HeaderUnionSet(STOCK=1,CURRENCY='EUR')",
    },
  },
}
`;

exports[`hana-main GET with parameters (union header - full circle) - set 2`] = `
{
  "d": {
    "results": [
      {
        "CURRENCY_PARAM": "EUR",
        "Parameters": {
          "__deferred": {
            "uri": "http://localhost:00000/odata/v2/main/HeaderUnionSetSet(STOCK=1,CURRENCY='EUR',ID=guid'<ID>')/Parameters",
          },
        },
        "STOCK_PARAM": 1,
        "__metadata": {
          "type": "test.MainService.HeaderUnionSetType",
          "uri": "http://localhost:00000/odata/v2/main/HeaderUnionSetSet(STOCK=1,CURRENCY='EUR',ID=guid'<ID>')",
        },
        "country": "Italy",
        "createdBy": null,
        "currency": "EUR",
        "date": "/Date(1719446400000)/",
        "dateTime": "/Date(1704110400000+0000)/",
        "description": "This is a test Header",
        "modifiedBy": null,
        "name": "Header",
        "price": "45.67",
        "stock": 1,
        "time": "PT12H34M56S",
        "timestamp": "/Date(1704110400000+0000)/",
      },
    ],
  },
}
`;

exports[`hana-main GET with parameters (union header - full circle) - set 3`] = `
{
  "d": {
    "CURRENCY_PARAM": "EUR",
    "Parameters": {
      "__deferred": {
        "uri": "http://localhost:00000/odata/v2/main/HeaderUnionSetSet(STOCK=1,CURRENCY='EUR',ID=guid'<ID>')/Parameters",
      },
    },
    "STOCK_PARAM": 1,
    "__metadata": {
      "type": "test.MainService.HeaderUnionSetType",
      "uri": "http://localhost:00000/odata/v2/main/HeaderUnionSetSet(STOCK=1,CURRENCY='EUR',ID=guid'<ID>')",
    },
    "country": "Italy",
    "createdBy": null,
    "currency": "EUR",
    "date": "/Date(1719446400000)/",
    "dateTime": "/Date(1704110400000+0000)/",
    "description": "This is a test Header",
    "modifiedBy": null,
    "name": "Header",
    "price": "45.67",
    "stock": 1,
    "time": "PT12H34M56S",
    "timestamp": "/Date(1704110400000+0000)/",
  },
}
`;

exports[`hana-main GET with parameters (union header - full circle) - set 4`] = `
{
  "d": {
    "CURRENCY_PARAM": "EUR",
    "STOCK_PARAM": 1,
    "Set": {
      "__deferred": {
        "uri": "http://localhost:00000/odata/v2/main/HeaderUnionSet(STOCK=1,CURRENCY='EUR')/Set",
      },
    },
    "__metadata": {
      "type": "test.MainService.HeaderUnionSetParameters",
      "uri": "http://localhost:00000/odata/v2/main/HeaderUnionSet(STOCK=1,CURRENCY='EUR')",
    },
  },
}
`;
