// Jest Snapshot v1, https://goo.gl/fbAQLP

exports[`rest GET $metadata 1`] = `
"<?xml version="1.0" encoding="utf-8" cached="true"?>
<edmx:Edmx Version="1.0" xmlns:edmx="http://schemas.microsoft.com/ado/2007/06/edmx" xmlns:m="http://schemas.microsoft.com/ado/2007/08/dataservices/metadata" xmlns:sap="http://www.sap.com/Protocols/SAPData">
  <edmx:Reference Uri="https://sap.github.io/odata-vocabularies/vocabularies/Common.xml" xmlns:edmx="http://docs.oasis-open.org/odata/ns/edmx">
    <edmx:Include Alias="Common" Namespace="com.sap.vocabularies.Common.v1"/>
  </edmx:Reference>
  <edmx:Reference Uri="https://oasis-tcs.github.io/odata-vocabularies/vocabularies/Org.OData.Core.V1.xml" xmlns:edmx="http://docs.oasis-open.org/odata/ns/edmx">
    <edmx:Include Alias="Core" Namespace="Org.OData.Core.V1"/>
  </edmx:Reference>
  <edmx:Reference Uri="https://sap.github.io/odata-vocabularies/vocabularies/UI.xml" xmlns:edmx="http://docs.oasis-open.org/odata/ns/edmx">
    <edmx:Include Alias="UI" Namespace="com.sap.vocabularies.UI.v1"/>
  </edmx:Reference>
  <edmx:DataServices m:DataServiceVersion="2.0">
    <Schema Namespace="test.CacheService" xmlns="http://schemas.microsoft.com/ado/2008/09/edm">
      <EntityContainer Name="EntityContainer" m:IsDefaultEntityContainer="true">
        <EntitySet Name="Header" EntityType="test.CacheService.Header"/>
        <EntitySet Name="HeaderItem" EntityType="test.CacheService.HeaderItem"/>
        <EntitySet Name="HeaderLine" EntityType="test.CacheService.HeaderLine"/>
        <AssociationSet Name="Header_FirstItem" Association="test.CacheService.Header_FirstItem">
          <End Role="Header" EntitySet="Header"/>
          <End Role="HeaderItem" EntitySet="HeaderItem"/>
        </AssociationSet>
        <AssociationSet Name="HeaderItem_header" Association="test.CacheService.HeaderItem_header">
          <End Role="HeaderItem" EntitySet="HeaderItem"/>
          <End Role="Header" EntitySet="Header"/>
        </AssociationSet>
        <AssociationSet Name="HeaderItem_NextItem" Association="test.CacheService.HeaderItem_NextItem">
          <End Role="HeaderItem" EntitySet="HeaderItem"/>
          <End Role="HeaderItem1" EntitySet="HeaderItem"/>
        </AssociationSet>
        <AssociationSet Name="HeaderLine_item" Association="test.CacheService.HeaderLine_item">
          <End Role="HeaderLine" EntitySet="HeaderLine"/>
          <End Role="HeaderItem" EntitySet="HeaderItem"/>
        </AssociationSet>
      </EntityContainer>
      <EntityType Name="Header">
        <Key>
          <PropertyRef Name="ID"/>
        </Key>
        <Property Name="ID" Type="Edm.Guid" Nullable="false"/>
        <Property Name="createdAt" Type="Edm.DateTimeOffset" Precision="7"/>
        <Property Name="createdBy" Type="Edm.String" MaxLength="255"/>
        <Property Name="modifiedAt" Type="Edm.DateTimeOffset" Precision="7"/>
        <Property Name="modifiedBy" Type="Edm.String" MaxLength="255"/>
        <Property Name="name" Type="Edm.String"/>
        <Property Name="description" Type="Edm.String"/>
        <Property Name="country" Type="Edm.String"/>
        <Property Name="currency" Type="Edm.String"/>
        <Property Name="stock" Type="Edm.Int32"/>
        <Property Name="price" Type="Edm.Decimal" Scale="2" Precision="12"/>
        <NavigationProperty Name="Items" Relationship="test.CacheService.HeaderItem_header" FromRole="Header" ToRole="HeaderItem"/>
        <NavigationProperty Name="FirstItem" Relationship="test.CacheService.Header_FirstItem" FromRole="Header" ToRole="HeaderItem"/>
        <Property Name="FirstItem_ID" Type="Edm.Guid"/>
      </EntityType>
      <EntityType Name="HeaderItem">
        <Key>
          <PropertyRef Name="ID"/>
        </Key>
        <Property Name="ID" Type="Edm.Guid" Nullable="false"/>
        <Property Name="name" Type="Edm.String"/>
        <Property Name="description" Type="Edm.String"/>
        <Property Name="startAt" Type="Edm.DateTimeOffset" Precision="7"/>
        <Property Name="endAt" Type="Edm.DateTimeOffset" Precision="7"/>
        <NavigationProperty Name="header" Relationship="test.CacheService.HeaderItem_header" FromRole="HeaderItem" ToRole="Header"/>
        <Property Name="header_ID" Type="Edm.Guid"/>
        <NavigationProperty Name="NextItem" Relationship="test.CacheService.HeaderItem_NextItem" FromRole="HeaderItem" ToRole="HeaderItem1"/>
        <Property Name="NextItem_ID" Type="Edm.Guid"/>
        <Property Name="assoc_header_ID" Type="Edm.Guid"/>
        <NavigationProperty Name="Lines" Relationship="test.CacheService.HeaderLine_item" FromRole="HeaderItem" ToRole="HeaderLine"/>
      </EntityType>
      <EntityType Name="HeaderLine">
        <Key>
          <PropertyRef Name="ID"/>
        </Key>
        <Property Name="ID" Type="Edm.Guid" Nullable="false"/>
        <Property Name="name" Type="Edm.String"/>
        <Property Name="value" Type="Edm.Double"/>
        <NavigationProperty Name="item" Relationship="test.CacheService.HeaderLine_item" FromRole="HeaderLine" ToRole="HeaderItem"/>
        <Property Name="item_ID" Type="Edm.Guid"/>
      </EntityType>
      <Association Name="Header_FirstItem">
        <End Role="Header" Type="test.CacheService.Header" Multiplicity="*"/>
        <End Role="HeaderItem" Type="test.CacheService.HeaderItem" Multiplicity="0..1"/>
        <ReferentialConstraint>
          <Principal Role="HeaderItem">
            <PropertyRef Name="ID"/>
          </Principal>
          <Dependent Role="Header">
            <PropertyRef Name="FirstItem_ID"/>
          </Dependent>
        </ReferentialConstraint>
      </Association>
      <Association Name="HeaderItem_header">
        <End Role="HeaderItem" Type="test.CacheService.HeaderItem" Multiplicity="*"/>
        <End Role="Header" Type="test.CacheService.Header" Multiplicity="0..1">
          <OnDelete Action="Cascade"/>
        </End>
        <ReferentialConstraint>
          <Principal Role="Header">
            <PropertyRef Name="ID"/>
          </Principal>
          <Dependent Role="HeaderItem">
            <PropertyRef Name="header_ID"/>
          </Dependent>
        </ReferentialConstraint>
      </Association>
      <Association Name="HeaderItem_NextItem">
        <End Role="HeaderItem" Type="test.CacheService.HeaderItem" Multiplicity="*"/>
        <End Role="HeaderItem1" Type="test.CacheService.HeaderItem" Multiplicity="0..1"/>
        <ReferentialConstraint>
          <Principal Role="HeaderItem1">
            <PropertyRef Name="ID"/>
          </Principal>
          <Dependent Role="HeaderItem">
            <PropertyRef Name="NextItem_ID"/>
          </Dependent>
        </ReferentialConstraint>
      </Association>
      <Association Name="HeaderLine_item">
        <End Role="HeaderLine" Type="test.CacheService.HeaderLine" Multiplicity="*"/>
        <End Role="HeaderItem" Type="test.CacheService.HeaderItem" Multiplicity="0..1">
          <OnDelete Action="Cascade"/>
        </End>
        <ReferentialConstraint>
          <Principal Role="HeaderItem">
            <PropertyRef Name="ID"/>
          </Principal>
          <Dependent Role="HeaderLine">
            <PropertyRef Name="item_ID"/>
          </Dependent>
        </ReferentialConstraint>
      </Association>
      <Annotations Target="test.CacheService.Header/createdAt" xmlns="http://docs.oasis-open.org/odata/ns/edm">
        <Annotation Term="UI.HiddenFilter" Bool="true"/>
        <Annotation Term="Core.Immutable" Bool="true"/>
        <Annotation Term="Core.Computed" Bool="true"/>
        <Annotation Term="Common.Label" String="Created On"/>
      </Annotations>
      <Annotations Target="test.CacheService.Header/createdBy" xmlns="http://docs.oasis-open.org/odata/ns/edm">
        <Annotation Term="UI.HiddenFilter" Bool="true"/>
        <Annotation Term="Core.Immutable" Bool="true"/>
        <Annotation Term="Core.Computed" Bool="true"/>
        <Annotation Term="Core.Description" String="User's unique ID"/>
        <Annotation Term="Common.Label" String="Created By"/>
      </Annotations>
      <Annotations Target="test.CacheService.Header/modifiedAt" xmlns="http://docs.oasis-open.org/odata/ns/edm">
        <Annotation Term="UI.HiddenFilter" Bool="true"/>
        <Annotation Term="Core.Computed" Bool="true"/>
        <Annotation Term="Common.Label" String="Changed On"/>
      </Annotations>
      <Annotations Target="test.CacheService.Header/modifiedBy" xmlns="http://docs.oasis-open.org/odata/ns/edm">
        <Annotation Term="UI.HiddenFilter" Bool="true"/>
        <Annotation Term="Core.Computed" Bool="true"/>
        <Annotation Term="Core.Description" String="User's unique ID"/>
        <Annotation Term="Common.Label" String="Changed By"/>
      </Annotations>
    </Schema>
  </edmx:DataServices>
</edmx:Edmx>"
`;
