// Jest Snapshot v1, https://goo.gl/fbAQLP

exports[`rest GET $metadata 1`] = `"Service is not exposed as OData V2 protocol"`;

exports[`rest GET data 1`] = `"Service is not exposed as OData V2 protocol"`;
